INFO:  latexindent version 3.23.6, 2024-01-17, a script to indent .tex files
       latexindent lives here: /usr/share/texlive/texmf-dist/scripts/latexindent/
       Sat Jan 31 01:41:31 2026
       Filename: workshop.tex
INFO:  Processing switches:
       -w|--overwrite: Overwrite mode active, will make a back up before overwriting
INFO:  Directory for backup files and indent.log:
       .
INFO:  YAML settings read: defaultSettings.yaml
       Reading defaultSettings.yaml from /usr/share/texlive/texmf-dist/scripts/latexindent/defaultSettings.yaml
INFO:  YAML reading settings
       Home directory is /home/shoko-k
       latexindent.pl didn't find indentconfig.yaml or .indentconfig.yaml
       see all possible locations: https://latexindentpl.readthedocs.io/en/latest/sec-appendices.html#indentconfig-options)
INFO:  Backup procedure (-w flag active):
       ./workshop.bak0 already exists, incrementing by 1 (see maxNumberOfBackUps)
       ./workshop.bak1 already exists, incrementing by 1 (see maxNumberOfBackUps)
       ./workshop.bak2 already exists, incrementing by 1 (see maxNumberOfBackUps)
       ./workshop.bak3 already exists, incrementing by 1 (see maxNumberOfBackUps)
       ./workshop.bak4 already exists, incrementing by 1 (see maxNumberOfBackUps)
       Backing up workshop.tex to ./workshop.bak5...
       workshop.tex will be overwritten after indentation
INFO:  Phase 1: searching for objects
INFO:  Phase 2: finding surrounding indentation
INFO:  Phase 3: indenting objects
INFO:  Phase 4: final indentation check
INFO:  Output routine:
       Overwriting file workshop.tex
       --------------
INFO:  Please direct all communication/issues to:
        https://github.com/cmhughes/latexindent.pl
